// Jest Snapshot v1, https://goo.gl/fbAQLP

exports[`Component renders and snapshot is still correct 1`] = `
<div
  class="page-main-mw p-4 md:pt-[5em] flex"
>
  <div
    class="profile-container flex self-center w-full flex-col md:flex-row"
  >
    <div
      class="md:mr-[4em] mb-4 md:mb-0 justify-center md:justify-start"
    >
      
      
    </div>
    <div
      class="grow page-content"
    >
      <router-view-stub />
    </div>
  </div>
</div>
`;

exports[`Profile renders and snapshot is still correct 1`] = `
<div
  class="page-main-mw p-4 md:pt-[5em] flex"
>
  <div
    class="profile-container flex self-center w-full flex-col md:flex-row"
  >
    <div
      class="md:mr-[4em] mb-4 md:mb-0 justify-center md:justify-start"
    >
      
      
    </div>
    <div
      class="grow page-content"
    >
      <router-view-stub />
    </div>
  </div>
</div>
`;
